[themejunction.net/html/logiland/demo/index3.html]
[backblue.gif]
[fade.gif]
[index.html]
[themejunction.net/html/logiland/demo/assets/images/fav.svg]
[themejunction.net/html/logiland/demo/assets/css/bootstrap.min.css]
[themejunction.net/html/logiland/demo/assets/css/meanmenu.css]
[themejunction.net/html/logiland/demo/assets/css/sal.css]
[themejunction.net/html/logiland/demo/assets/css/magnific-popup.css]
[themejunction.net/html/logiland/demo/assets/css/swiper.min.css]
[themejunction.net/html/logiland/demo/assets/css/owl.carousel.css]
[themejunction.net/html/logiland/demo/assets/css/odometer.min.css]
[themejunction.net/html/logiland/demo/assets/css/nice-select.css]
[themejunction.net/html/logiland/demo/assets/css/icons.css]
[themejunction.net/html/logiland/demo/assets/css/animate.css]
[themejunction.net/html/logiland/demo/assets/css/style.css]
[themejunction.net/html/logiland/demo/assets/css/responsive.css]
[themejunction.net/html/logiland/demo/assets/images/logo/loder.png]
[themejunction.net/html/logiland/demo/index.html]
[themejunction.net/html/logiland/demo/assets/images/logo/logo.png]
[themejunction.net/html/logiland/demo/assets/images/logo/logo2.png]
[themejunction.net/html/logiland/demo/index2.html]
[themejunction.net/html/logiland/demo/about.html]
[themejunction.net/html/logiland/demo/service.html]
[themejunction.net/html/logiland/demo/service-details.html]
[themejunction.net/html/logiland/demo/project.html]
[themejunction.net/html/logiland/demo/project-details.html]
[themejunction.net/html/logiland/demo/team.html]
[themejunction.net/html/logiland/demo/team-details.html]
[themejunction.net/html/logiland/demo/faq.html]
[themejunction.net/html/logiland/demo/blog.html]
[themejunction.net/html/logiland/demo/blog-standard.html]
[themejunction.net/html/logiland/demo/blog-details.html]
[themejunction.net/html/logiland/demo/contact.html]
[themejunction.net/html/logiland/demo/assets/images/banner/shape-2.png]
[themejunction.net/html/logiland/demo/assets/images/slider/slider-3.jpg]
[themejunction.net/html/logiland/demo/assets/images/team/author-2.jpg]
[themejunction.net/html/logiland/demo/assets/images/team/author-3.jpg]
[themejunction.net/html/logiland/demo/assets/images/team/author-4.jpg]
[themejunction.net/html/logiland/demo/assets/images/team/author-5.jpg]
[themejunction.net/html/logiland/demo/assets/images/banner/form-shape.png]
[themejunction.net/html/logiland/demo/assets/images/slider/slider-4.jpg]
[themejunction.net/html/logiland/demo/assets/images/slider/slider-5.jpg]
[themejunction.net/html/logiland/demo/assets/images/banner/arrow-image.png]
[themejunction.net/html/logiland/demo/assets/images/banner/arrow-image2.png]
[themejunction.net/html/logiland/demo/assets/images/banner/arrow-image3.png]
[themejunction.net/html/logiland/demo/assets/images/service/service-8.jpg]
[themejunction.net/html/logiland/demo/assets/images/service/service-9.jpg]
[themejunction.net/html/logiland/demo/assets/images/service/service-10.jpg]
[themejunction.net/html/logiland/demo/assets/images/icon/global.svg]
[themejunction.net/html/logiland/demo/assets/images/icon/winner.svg]
[themejunction.net/html/logiland/demo/assets/images/about/ab-5.png]
[themejunction.net/html/logiland/demo/assets/images/project/project.jpg]
[themejunction.net/html/logiland/demo/assets/images/project/project1.jpg]
[themejunction.net/html/logiland/demo/assets/images/project/project2.jpg]
[themejunction.net/html/logiland/demo/assets/images/project/project3.jpg]
[themejunction.net/html/logiland/demo/assets/images/team/team-4.jpg]
[themejunction.net/html/logiland/demo/assets/images/team/team-5.jpg]
[themejunction.net/html/logiland/demo/assets/images/team/team-6.jpg]
[themejunction.net/html/logiland/demo/assets/images/blog/blog-5.jpg]
[themejunction.net/html/logiland/demo/assets/images/blog/blog-6.jpg]
[themejunction.net/html/logiland/demo/assets/images/blog/blog-7.jpg]
[themejunction.net/html/logiland/demo/assets/images/logo/footer-logo.png]
[themejunction.net/html/logiland/demo/assets/js/modernizr-2.8.3.min.js]
[themejunction.net/html/logiland/demo/assets/js/jquery.min.js]
[themejunction.net/html/logiland/demo/assets/js/bootstrap.min.js]
[themejunction.net/html/logiland/demo/assets/js/meanmenu.js]
[themejunction.net/html/logiland/demo/assets/js/imagesloaded.pkgd.min.js]
[themejunction.net/html/logiland/demo/assets/js/isotope.pkgd.min.js]
[themejunction.net/html/logiland/demo/assets/js/jquery.magnific-popup.min.js]
[themejunction.net/html/logiland/demo/assets/js/swiper.min.js]
[themejunction.net/html/logiland/demo/assets/js/owl.carousel.js]
[themejunction.net/html/logiland/demo/assets/js/jquery.appear.min.js]
[themejunction.net/html/logiland/demo/assets/js/odometer.min.js]
[themejunction.net/html/logiland/demo/assets/js/sal.js]
[themejunction.net/html/logiland/demo/assets/js/jquery.nice-select.min.js]
[themejunction.net/html/logiland/demo/index3.html]
[themejunction.net/html/logiland/demo/assets/images/fav.svg]
[themejunction.net/html/logiland/demo/assets/js/main.js]
[themejunction.net/html/logiland/demo/assets/css/bootstrap.min.css]
[themejunction.net/html/logiland/demo/assets/css/meanmenu.css]
[themejunction.net/html/logiland/demo/assets/css/sal.css]
[themejunction.net/html/logiland/demo/assets/css/magnific-popup.css]
[themejunction.net/html/logiland/demo/assets/css/swiper.min.css]
[themejunction.net/html/logiland/demo/assets/css/owl.video.play.png]
[themejunction.net/html/logiland/demo/assets/css/owl.carousel.css]
[themejunction.net/html/logiland/demo/assets/fonts/fa-brands-400.woff2]
[themejunction.net/html/logiland/demo/assets/fonts/fa-brands-400.ttf]
[themejunction.net/html/logiland/demo/assets/fonts/fa-duotone-900.woff2]
[themejunction.net/html/logiland/demo/assets/fonts/fa-duotone-900.ttf]
[themejunction.net/html/logiland/demo/assets/fonts/fa-light-300.woff2]
[themejunction.net/html/logiland/demo/assets/fonts/fa-light-300.ttf]
[themejunction.net/html/logiland/demo/assets/fonts/fa-regular-400.woff2]
[themejunction.net/html/logiland/demo/assets/fonts/fa-solid-900.woff2]
[themejunction.net/html/logiland/demo/assets/fonts/fa-solid-900.ttf]
[themejunction.net/html/logiland/demo/assets/fonts/fa-regular-400.ttf]
[themejunction.net/html/logiland/demo/assets/fonts/fa-thin-100.woff2]
[themejunction.net/html/logiland/demo/assets/fonts/fa-thin-100.ttf]
[themejunction.net/html/logiland/demo/assets/fonts/fa-v4compatibility.woff2]
[themejunction.net/html/logiland/demo/assets/fonts/fa-v4compatibility.ttf]
[themejunction.net/html/logiland/demo/assets/fonts/flaticon_logistics568b.ttf]
[themejunction.net/html/logiland/demo/assets/fonts/flaticon_logistics568b.woff]
[themejunction.net/html/logiland/demo/assets/fonts/flaticon_logistics568b.woff2]
[themejunction.net/html/logiland/demo/assets/fonts/flaticon_logistics568b.eot]
[themejunction.net/html/logiland/demo/assets/css/icons.css]
[themejunction.net/html/logiland/demo/assets/css/odometer.min.css]
[themejunction.net/html/logiland/demo/assets/css/nice-select.css]
[themejunction.net/html/logiland/demo/assets/css/animate.css]
[themejunction.net/html/logiland/demo/assets/images/bg/section-bg.jpg]
[themejunction.net/html/logiland/demo/assets/fonts/flaticon_logistics568b.svg]
[themejunction.net/html/logiland/demo/assets/images/bg/section-shape.png]
[themejunction.net/html/logiland/demo/assets/images/banner/hero-1.jpg]
[themejunction.net/html/logiland/demo/assets/images/banner/hero-2.jpg]
[themejunction.net/html/logiland/demo/assets/images/banner/banner-shape.png]
[themejunction.net/html/logiland/demo/assets/images/slider/slider-bg-image3.jpg]
[themejunction.net/html/logiland/demo/assets/images/banner/cta-shape.png]
[themejunction.net/html/logiland/demo/assets/images/cta/cta-2.jpg]
[themejunction.net/html/logiland/demo/assets/images/cta/cta-3.jpg]
[themejunction.net/html/logiland/demo/assets/images/banner/cta-bg.jpg]
[themejunction.net/html/logiland/demo/assets/images/banner/price-bg.jpg]
[themejunction.net/html/logiland/demo/assets/images/banner/video-bg.jpg]
[themejunction.net/html/logiland/demo/assets/images/banner/step-1.jpg]
[themejunction.net/html/logiland/demo/assets/images/banner/doted-shape1.png]
[themejunction.net/html/logiland/demo/assets/images/banner/feature-bg.jpg]
[themejunction.net/html/logiland/demo/assets/images/banner/cta-bg2.jpg]
[themejunction.net/html/logiland/demo/assets/images/banner/test-2.jpg]
[themejunction.net/html/logiland/demo/assets/images/banner/testimonial-bg.jpg]
[themejunction.net/html/logiland/demo/assets/images/banner/footer-bg.jpg]
[themejunction.net/html/logiland/demo/assets/images/icon/icon-shape.svg]
[themejunction.net/html/logiland/demo/assets/images/banner/footer-bg2.jpg]
[themejunction.net/html/logiland/demo/assets/css/style.css]
[themejunction.net/html/logiland/demo/assets/css/responsive.css]
[themejunction.net/html/logiland/demo/assets/images/icon/flag-1.png]
[themejunction.net/html/logiland/demo/assets/images/icon/flag-2.png]
[themejunction.net/html/logiland/demo/assets/images/icon/flag4.png]
[themejunction.net/html/logiland/demo/assets/images/banner/shape-1.png]
[themejunction.net/html/logiland/demo/assets/images/slider/slider-1.jpg]
[themejunction.net/html/logiland/demo/assets/images/slider/slider-2.jpg]
[themejunction.net/html/logiland/demo/assets/images/slider/slider-6.jpg]
[themejunction.net/html/logiland/demo/assets/images/service/service-1.jpg]
[themejunction.net/html/logiland/demo/assets/images/service/service-2.jpg]
[themejunction.net/html/logiland/demo/assets/images/service/service-3.jpg]
[themejunction.net/html/logiland/demo/assets/images/cta/cta-1.jpg]
[themejunction.net/html/logiland/demo/assets/images/icon/auother.svg]
[themejunction.net/html/logiland/demo/assets/images/about/ab-1.jpg]
[themejunction.net/html/logiland/demo/assets/images/about/ab-2.jpg]
[themejunction.net/html/logiland/demo/assets/images/about/ab-shape.png]
[themejunction.net/html/logiland/demo/assets/images/team/team-1.jpg]
[themejunction.net/html/logiland/demo/assets/images/team/team-2.jpg]
[themejunction.net/html/logiland/demo/assets/images/team/team-3.jpg]
[themejunction.net/html/logiland/demo/assets/images/testimonial/test.png]
[themejunction.net/html/logiland/demo/assets/images/icon/comment.svg]
[themejunction.net/html/logiland/demo/assets/images/testimonial/test1.png]
[themejunction.net/html/logiland/demo/assets/images/banner/form-shape2.png]
[themejunction.net/html/logiland/demo/assets/images/blog/blog-1.jpg]
[themejunction.net/html/logiland/demo/assets/images/blog/blog-2.jpg]
[themejunction.net/html/logiland/demo/assets/images/blog/blog-3.jpg]
[themejunction.net/html/logiland/demo/assets/images/banner/subscribe.png]
[themejunction.net/html/logiland/demo/assets/images/icon/email.svg]
[themejunction.net/html/logiland/demo/assets/images/banner/footer-shape.png]
[themejunction.net/html/logiland/demo/index.html]
[themejunction.net/html/logiland/demo/assets/images/banner/banner-shape2.png]
[themejunction.net/html/logiland/demo/assets/images/about/ab-3.jpg]
[themejunction.net/html/logiland/demo/assets/images/about/ab-4.jpg]
[themejunction.net/html/logiland/demo/assets/images/about/auother-1.png]
[themejunction.net/html/logiland/demo/assets/images/service/service-4.jpg]
[themejunction.net/html/logiland/demo/assets/images/service/service-5.jpg]
[themejunction.net/html/logiland/demo/assets/images/service/service-6.jpg]
[themejunction.net/html/logiland/demo/assets/images/service/service-7.jpg]
[themejunction.net/html/logiland/demo/assets/images/project/tabs-1.jpg]
[themejunction.net/html/logiland/demo/assets/images/project/tabs-2.png]
[themejunction.net/html/logiland/demo/assets/images/team/team-1.png]
[themejunction.net/html/logiland/demo/assets/images/team/team-2.png]
[themejunction.net/html/logiland/demo/assets/images/team/team-3.png]
[themejunction.net/html/logiland/demo/assets/images/project/project-1.jpg]
[themejunction.net/html/logiland/demo/assets/images/project/project-2.jpg]
[themejunction.net/html/logiland/demo/assets/images/project/project-3.jpg]
[themejunction.net/html/logiland/demo/assets/images/project/project-4.jpg]
[themejunction.net/html/logiland/demo/assets/images/project/project-5.jpg]
[themejunction.net/html/logiland/demo/assets/images/project/project-6.jpg]
[themejunction.net/html/logiland/demo/assets/images/testimonial/auother-1.png]
[themejunction.net/html/logiland/demo/assets/images/testimonial/auother-2.png]
[themejunction.net/html/logiland/demo/assets/images/testimonial/auother-3.png]
[themejunction.net/html/logiland/demo/assets/images/banner/counter-shape.png]
[themejunction.net/html/logiland/demo/assets/images/blog/blog-4.jpg]
[themejunction.net/html/logiland/demo/assets/images/project/post-1.png]
[themejunction.net/html/logiland/demo/assets/images/project/post-2.png]
[themejunction.net/html/logiland/demo/index2.html]
[themejunction.net/html/logiland/demo/assets/images/banner/breadcrumb.jpg]
[themejunction.net/html/logiland/demo/about.html]
[themejunction.net/html/logiland/demo/assets/images/service/service-16.jpg]
[themejunction.net/html/logiland/demo/assets/images/service/service-17.jpg]
[themejunction.net/html/logiland/demo/assets/images/service/service-18.jpg]
[themejunction.net/html/logiland/demo/service.html]
[themejunction.net/html/logiland/demo/assets/images/service/service-11.jpg]
[themejunction.net/html/logiland/demo/assets/images/blog/blog-12.jpg]
[themejunction.net/html/logiland/demo/assets/images/service/service-13.jpg]
[themejunction.net/html/logiland/demo/assets/images/service/service-14.jpg]
[themejunction.net/html/logiland/demo/assets/images/service/service-15.jpg]
[themejunction.net/html/logiland/demo/assets/images/banner/service_shape.png]
[themejunction.net/html/logiland/demo/service-details.html]
[themejunction.net/html/logiland/demo/project.html]
[themejunction.net/html/logiland/demo/assets/images/project/project-7.jpg]
[themejunction.net/html/logiland/demo/assets/images/project/project-8.jpg]
[themejunction.net/html/logiland/demo/assets/images/project/project-9.jpg]
[themejunction.net/html/logiland/demo/project-details.html]
[themejunction.net/html/logiland/demo/assets/images/team/team-8.jpg]
[themejunction.net/html/logiland/demo/assets/images/team/team-9.jpg]
[themejunction.net/html/logiland/demo/assets/images/team/team-10.jpg]
[themejunction.net/html/logiland/demo/team.html]
[themejunction.net/html/logiland/demo/assets/images/team/team-7.jpg]
[themejunction.net/html/logiland/demo/assets/images/team/thumb-1.png]
[themejunction.net/html/logiland/demo/team-details.html]
[themejunction.net/html/logiland/demo/faq.html]
[themejunction.net/html/logiland/demo/assets/images/blog/blog-17.jpg]
[themejunction.net/html/logiland/demo/assets/images/blog/blog-18.jpg]
[themejunction.net/html/logiland/demo/assets/images/blog/blog-19.jpg]
[themejunction.net/html/logiland/demo/blog.html]
[themejunction.net/html/logiland/demo/assets/images/blog/blog-14.jpg]
[themejunction.net/html/logiland/demo/assets/images/blog/blog-15.jpg]
[themejunction.net/html/logiland/demo/assets/images/icon/quote.svg]
[themejunction.net/html/logiland/demo/assets/images/blog/blog-16.jpg]
[themejunction.net/html/logiland/demo/assets/images/blog/blog-13.png]
[themejunction.net/html/logiland/demo/assets/images/blog/blog-14.png]
[themejunction.net/html/logiland/demo/assets/images/blog/blog-15.png]
[themejunction.net/html/logiland/demo/blog-standard.html]
[themejunction.net/html/logiland/demo/assets/images/blog/blog-9.jpg]
[themejunction.net/html/logiland/demo/assets/images/blog/blog-10.jpg]
[themejunction.net/html/logiland/demo/assets/images/blog/blog-11.jpg]
[themejunction.net/html/logiland/demo/assets/images/blog/blog-1.png]
[themejunction.net/html/logiland/demo/assets/images/blog/blog-2.png]
[themejunction.net/html/logiland/demo/blog-details.html]
[themejunction.net/html/logiland/demo/contact.html]
[themejunction.net/html/logiland/demo/assets/images/icon/global.svg]
[themejunction.net/html/logiland/demo/assets/images/icon/winner.svg]
[themejunction.net/html/logiland/demo/assets/js/modernizr-2.8.3.min.js]
[themejunction.net/html/logiland/demo/assets/js/jquery.min.js]
[themejunction.net/html/logiland/demo/assets/js/bootstrap.min.js]
[themejunction.net/html/logiland/demo/assets/js/meanmenu.js]
[themejunction.net/html/logiland/demo/assets/js/imagesloaded.pkgd.min.js]
[themejunction.net/html/logiland/demo/assets/js/isotope.pkgd.min.js]
[themejunction.net/html/logiland/demo/assets/js/jquery.magnific-popup.min.js]
[themejunction.net/html/logiland/demo/l]
[themejunction.net/html/logiland/demo/e]
[themejunction.net/html/logiland/demo/t.params.url]
[themejunction.net/html/logiland/demo/assets/js/swiper.min.js]
[themejunction.net/html/logiland/demo/assets/js/owl.carousel.js]
[themejunction.net/html/logiland/demo/assets/js/jquery.appear.min.js]
[themejunction.net/html/logiland/demo/assets/js/odometer.min.js]
[themejunction.net/html/logiland/demo/assets/js/sal.js]
[themejunction.net/html/logiland/demo/assets/js/jquery.nice-select.min.js]
[themejunction.net/html/logiland/demo/assets/js/main.js]
[themejunction.net/html/logiland/demo/assets/css/owl.video.play.html]
[themejunction.net/html/logiland/demo/assets/fonts/flaticon_logistics568b.svg]
[themejunction.net/html/logiland/demo/assets/images/bg/section-bg.html]
[themejunction.net/html/logiland/demo/assets/images/bg/section-shape.html]
[themejunction.net/html/logiland/demo/assets/images/slider/slider-bg-image3.html]
[themejunction.net/html/logiland/demo/assets/images/icon/icon-shape.svg]
[themejunction.net/html/logiland/demo/assets/images/icon/auother.svg]
[themejunction.net/html/logiland/demo/assets/images/icon/comment.svg]
[themejunction.net/html/logiland/demo/assets/images/icon/email.svg]
[themejunction.net/html/logiland/demo/assets/images/icon/quote.svg]
[themejunction.net/html/logiland/demo/l.html]
[themejunction.net/html/logiland/demo/e.html]
[themejunction.net/html/logiland/demo/t.params.html]
